[WARNING] 
[WARNING] Some problems were encountered while building the effective settings
[WARNING] Expected root element 'settings' but found 'mirrors' (position: START_TAG seen <mirrors>... @1:10)  @ C:\Users\qc\.m2\settings.xml, line 1, column 10
[WARNING] 
[INFO] Scanning for projects...
[INFO] 
[INFO] ----------------------< com.simplemdm:simple-mdm >----------------------
[INFO] Building SimpleMDM 2.0.0
[INFO]   from pom.xml
[INFO] --------------------------------[ jar ]---------------------------------
[INFO] 
[INFO] >>> spring-boot:3.3.0:run (default-cli) > test-compile @ simple-mdm >>>
[INFO] 
[INFO] --- resources:3.3.1:resources (default-resources) @ simple-mdm ---
[INFO] Copying 1 resource from src\main\resources to target\classes
[INFO] Copying 0 resource from src\main\resources to target\classes
[INFO] 
[INFO] --- compiler:3.13.0:compile (default-compile) @ simple-mdm ---
[INFO] Nothing to compile - all classes are up to date.
[INFO] 
[INFO] --- resources:3.3.1:testResources (default-testResources) @ simple-mdm ---
[INFO] skip non existing resourceDirectory C:\Users\qc\simple-mdm\.worktrees\dynamic-master-sub-fields\backend-java\src\test\resources
[INFO] 
[INFO] --- compiler:3.13.0:testCompile (default-testCompile) @ simple-mdm ---
[INFO] Nothing to compile - all classes are up to date.
[INFO] 
[INFO] <<< spring-boot:3.3.0:run (default-cli) < test-compile @ simple-mdm <<<
[INFO] 
[INFO] 
[INFO] --- spring-boot:3.3.0:run (default-cli) @ simple-mdm ---
[INFO] Attaching agents: []
  .   ____          _            __ _ _
 /\\ / ___'_ __ _ _(_)_ __  __ _ \ \ \ \
( ( )\___ | '_ | '_| | '_ \/ _` | \ \ \ \
 \\/  ___)| |_)| | | | | || (_| |  ) ) ) )
  '  |____| .__|_| |_|_| |_\__, | / / / /
 =========|_|==============|___/=/_/_/_/

 :: Spring Boot ::                (v3.3.0)

2026-07-29T15:52:54.116+08:00  INFO 15432 --- [           main] com.simplemdm.SimpleMdmApplication       : Starting SimpleMdmApplication using Java 17.0.11 with PID 15432 (C:\Users\qc\simple-mdm\.worktrees\dynamic-master-sub-fields\backend-java\target\classes started by qc in C:\Users\qc\simple-mdm\.worktrees\dynamic-master-sub-fields\backend-java)
2026-07-29T15:52:54.118+08:00  INFO 15432 --- [           main] com.simplemdm.SimpleMdmApplication       : No active profile set, falling back to 1 default profile: "default"
2026-07-29T15:52:54.450+08:00  INFO 15432 --- [           main] .s.d.r.c.RepositoryConfigurationDelegate : Bootstrapping Spring Data JPA repositories in DEFAULT mode.
2026-07-29T15:52:54.507+08:00  INFO 15432 --- [           main] .s.d.r.c.RepositoryConfigurationDelegate : Finished Spring Data repository scanning in 42 ms. Found 9 JPA repository interfaces.
2026-07-29T15:52:54.915+08:00  INFO 15432 --- [           main] o.s.b.w.embedded.tomcat.TomcatWebServer  : Tomcat initialized with port 18001 (http)
2026-07-29T15:52:54.934+08:00  INFO 15432 --- [           main] o.apache.catalina.core.StandardService   : Starting service [Tomcat]
2026-07-29T15:52:54.935+08:00  INFO 15432 --- [           main] o.apache.catalina.core.StandardEngine    : Starting Servlet engine: [Apache Tomcat/10.1.24]
2026-07-29T15:52:54.966+08:00  INFO 15432 --- [           main] o.a.c.c.C.[Tomcat].[localhost].[/]       : Initializing Spring embedded WebApplicationContext
2026-07-29T15:52:54.967+08:00  INFO 15432 --- [           main] w.s.c.ServletWebServerApplicationContext : Root WebApplicationContext: initialization completed in 823 ms
2026-07-29T15:52:55.054+08:00  INFO 15432 --- [           main] o.hibernate.jpa.internal.util.LogHelper  : HHH000204: Processing PersistenceUnitInfo [name: default]
2026-07-29T15:52:55.071+08:00  INFO 15432 --- [           main] org.hibernate.Version                    : HHH000412: Hibernate ORM core version 6.5.2.Final
2026-07-29T15:52:55.087+08:00  INFO 15432 --- [           main] o.h.c.internal.RegionFactoryInitiator    : HHH000026: Second-level cache disabled
2026-07-29T15:52:55.261+08:00  INFO 15432 --- [           main] o.s.o.j.p.SpringPersistenceUnitInfo      : No LoadTimeWeaver setup: ignoring JPA class transformer
2026-07-29T15:52:55.275+08:00  INFO 15432 --- [           main] com.zaxxer.hikari.HikariDataSource       : HikariPool-1 - Starting...
2026-07-29T15:52:55.359+08:00  INFO 15432 --- [           main] com.zaxxer.hikari.pool.HikariPool        : HikariPool-1 - Added connection com.mysql.cj.jdbc.ConnectionImpl@3d88ce0e
2026-07-29T15:52:55.361+08:00  INFO 15432 --- [           main] com.zaxxer.hikari.HikariDataSource       : HikariPool-1 - Start completed.
2026-07-29T15:52:55.384+08:00  WARN 15432 --- [           main] org.hibernate.orm.deprecation            : HHH90000025: MySQLDialect does not need to be specified explicitly using 'hibernate.dialect' (remove the property setting and it will be selected by default)
2026-07-29T15:52:55.914+08:00  INFO 15432 --- [           main] o.h.e.t.j.p.i.JtaPlatformInitiator       : HHH000489: No JTA platform available (set 'hibernate.transaction.jta.platform' to enable JTA platform integration)
2026-07-29T15:52:56.371+08:00  INFO 15432 --- [           main] j.LocalContainerEntityManagerFactoryBean : Initialized JPA EntityManagerFactory for persistence unit 'default'
2026-07-29T15:52:56.529+08:00  INFO 15432 --- [           main] o.s.d.j.r.query.QueryEnhancerFactory     : Hibernate is in classpath; If applicable, HQL parser will be used.
2026-07-29T15:52:56.958+08:00  WARN 15432 --- [           main] JpaBaseConfiguration$JpaWebConfiguration : spring.jpa.open-in-view is enabled by default. Therefore, database queries may be performed during view rendering. Explicitly configure spring.jpa.open-in-view to disable this warning
2026-07-29T15:52:57.127+08:00  INFO 15432 --- [           main] o.s.b.w.embedded.tomcat.TomcatWebServer  : Tomcat started on port 18001 (http) with context path '/'
2026-07-29T15:52:57.133+08:00  INFO 15432 --- [           main] com.simplemdm.SimpleMdmApplication       : Started SimpleMdmApplication in 3.25 seconds (process running for 3.419)
[OK] Demo data seeded: 4 users, 8 personnel, 2 historical approvals, 3 push APIs
